2024-12-27 14:39:44 [    INFO] Тест 123Ztest_telnet_login_part1[192.168.17.86-admin-password]123Z выполнен успешно.
2024-12-27 14:39:44 [    INFO] Тест 123Ztest_telnet_login_part1[192.168.17.139-admin-password]123Z выполнен успешно.
2024-12-27 14:39:44 [    INFO] Тест 123Ztest_telnet_login_part1[192.168.17.146-admin-password]123Z выполнен успешно.
